// Jest Snapshot v1, https://goo.gl/fbAQLP

exports[`TextFormatter component renders a TextFormatter 1`] = `
<Fragment>
  <input
    name="text"
    onChange={[Function]}
    type="text"
    value=""
  />
  <input
    name="color"
    onChange={[Function]}
    type="color"
    value="#000000"
  />
  <p
    style={
      Object {
        "color": "#000000",
      }
    }
  />
</Fragment>
`;
